roundkey@@@@AES_Encryption.initial_round_key_inst
KeyExpansion@@@@AES_Encryption.\gen_key_expansion[1].key_exp_inst 
KeyExpansion@@@@AES_Encryption.\gen_key_expansion[2].key_exp_inst 
KeyExpansion@@@@AES_Encryption.\gen_key_expansion[3].key_exp_inst 
KeyExpansion@@@@AES_Encryption.\gen_key_expansion[4].key_exp_inst 
KeyExpansion@@@@AES_Encryption.\gen_key_expansion[5].key_exp_inst 
KeyExpansion@@@@AES_Encryption.\gen_key_expansion[6].key_exp_inst 
KeyExpansion@@@@AES_Encryption.\gen_key_expansion[7].key_exp_inst 
KeyExpansion@@@@AES_Encryption.\gen_key_expansion[8].key_exp_inst 
KeyExpansion@@@@AES_Encryption.\gen_key_expansion[9].key_exp_inst 
KeyExpansion@@@@AES_Encryption.\gen_key_expansion[10].key_exp_inst 
subbytes@@@@AES_Encryption.\gen_rounds[1].sub_bytes_inst 
shiftrows@@@@AES_Encryption.\gen_rounds[1].shift_rows_inst 
mixcolumns@@@@AES_Encryption.\gen_rounds[1].gen_mixcols.mix_columns_inst 
roundkey@@@@AES_Encryption.\gen_rounds[1].round_key_inst 
subbytes@@@@AES_Encryption.\gen_rounds[2].sub_bytes_inst 
shiftrows@@@@AES_Encryption.\gen_rounds[2].shift_rows_inst 
mixcolumns@@@@AES_Encryption.\gen_rounds[2].gen_mixcols.mix_columns_inst 
roundkey@@@@AES_Encryption.\gen_rounds[2].round_key_inst 
subbytes@@@@AES_Encryption.\gen_rounds[3].sub_bytes_inst 
shiftrows@@@@AES_Encryption.\gen_rounds[3].shift_rows_inst 
mixcolumns@@@@AES_Encryption.\gen_rounds[3].gen_mixcols.mix_columns_inst 
roundkey@@@@AES_Encryption.\gen_rounds[3].round_key_inst 
subbytes@@@@AES_Encryption.\gen_rounds[4].sub_bytes_inst 
shiftrows@@@@AES_Encryption.\gen_rounds[4].shift_rows_inst 
mixcolumns@@@@AES_Encryption.\gen_rounds[4].gen_mixcols.mix_columns_inst 
roundkey@@@@AES_Encryption.\gen_rounds[4].round_key_inst 
subbytes@@@@AES_Encryption.\gen_rounds[5].sub_bytes_inst 
shiftrows@@@@AES_Encryption.\gen_rounds[5].shift_rows_inst 
mixcolumns@@@@AES_Encryption.\gen_rounds[5].gen_mixcols.mix_columns_inst 
roundkey@@@@AES_Encryption.\gen_rounds[5].round_key_inst 
subbytes@@@@AES_Encryption.\gen_rounds[6].sub_bytes_inst 
shiftrows@@@@AES_Encryption.\gen_rounds[6].shift_rows_inst 
mixcolumns@@@@AES_Encryption.\gen_rounds[6].gen_mixcols.mix_columns_inst 
roundkey@@@@AES_Encryption.\gen_rounds[6].round_key_inst 
subbytes@@@@AES_Encryption.\gen_rounds[7].sub_bytes_inst 
shiftrows@@@@AES_Encryption.\gen_rounds[7].shift_rows_inst 
mixcolumns@@@@AES_Encryption.\gen_rounds[7].gen_mixcols.mix_columns_inst 
roundkey@@@@AES_Encryption.\gen_rounds[7].round_key_inst 
subbytes@@@@AES_Encryption.\gen_rounds[8].sub_bytes_inst 
shiftrows@@@@AES_Encryption.\gen_rounds[8].shift_rows_inst 
mixcolumns@@@@AES_Encryption.\gen_rounds[8].gen_mixcols.mix_columns_inst 
roundkey@@@@AES_Encryption.\gen_rounds[8].round_key_inst 
subbytes@@@@AES_Encryption.\gen_rounds[9].sub_bytes_inst 
shiftrows@@@@AES_Encryption.\gen_rounds[9].shift_rows_inst 
mixcolumns@@@@AES_Encryption.\gen_rounds[9].gen_mixcols.mix_columns_inst 
roundkey@@@@AES_Encryption.\gen_rounds[9].round_key_inst 
subbytes@@@@AES_Encryption.\gen_rounds[10].sub_bytes_inst 
shiftrows@@@@AES_Encryption.\gen_rounds[10].shift_rows_inst 
roundkey@@@@AES_Encryption.\gen_rounds[10].round_key_inst 
